// Jest Snapshot v1, https://goo.gl/fbAQLP

exports[`exif-helper should return exif date if image have exif date 1`] = `
{
  "created": 2020-01-01T00:00:00.000Z,
  "file": "/Users/fanyan/ws/prj/picasa/picasa-vue/src/preload/__tests__/photos/test.jpg",
  "isImage": false,
  "isVideo": false,
  "name": "",
  "targetDir": "",
  "targetFileName": "",
  "targetFullPath": "",
  "targetName": "2019/20191231",
}
`;
